{"timestamp":"2025-09-05 05:43:21","type":"email","status":"success","details":{"to":"test@example.com","subject":"Test Email - Phase 5","body_length":67,"is_html":true,"attachments_count":0},"error":null}
{"timestamp":"2025-09-05 05:43:21","type":"sms","status":"failure","details":{"0":{"number":"+250700000000","status":"InvalidPhoneNumber","statusCode":403,"cost":"0"},"total_recipients":1,"successful":0,"failed":1},"error":"All SMS messages failed"}
{"timestamp":"2025-09-05 05:43:27","type":"email","status":"success","details":{"to":"testuser@example.com","subject":"Welcome to Smart Poultry Farm","body_length":7461,"is_html":true,"attachments_count":0},"error":null}
{"timestamp":"2025-09-05 05:45:56","type":"email","status":"success","details":{"to":"test@example.com","subject":"Test Email - Phase 5","body_length":67,"is_html":true,"attachments_count":0},"error":null}
{"timestamp":"2025-09-05 05:45:57","type":"sms","status":"failure","details":{"0":{"number":"+250700000000","status":"InvalidPhoneNumber","statusCode":403,"cost":"0"},"total_recipients":1,"successful":0,"failed":1},"error":"All SMS messages failed"}
{"timestamp":"2025-09-05 05:46:01","type":"email","status":"success","details":{"to":"testuser@example.com","subject":"Welcome to Smart Poultry Farm","body_length":7461,"is_html":true,"attachments_count":0},"error":null}
{"timestamp":"2025-09-05 05:46:05","type":"email","status":"success","details":{"to":"testuser@example.com","subject":"Payment Confirmation - Order #TEST-001","body_length":7847,"is_html":true,"attachments_count":0},"error":null}
{"timestamp":"2025-09-05 05:46:06","type":"sms","status":"failure","details":{"0":{"number":"+250700000001","status":"InvalidPhoneNumber","statusCode":403,"cost":"0"},"total_recipients":1,"successful":0,"failed":1},"error":"All SMS messages failed"}
{"timestamp":"2025-09-05 05:46:10","type":"email","status":"success","details":{"to":"sincereabayo@gmail.com","subject":"New Payment Received - Order #TEST-001","body_length":7847,"is_html":true,"attachments_count":0},"error":null}
{"timestamp":"2025-09-05 05:46:11","type":"sms","status":"failure","details":{"0":{"number":"+250784424423","status":"InsufficientBalance","statusCode":405,"cost":"0"},"total_recipients":1,"successful":0,"failed":1},"error":"All SMS messages failed"}
{"timestamp":"2025-09-05 05:46:14","type":"email","status":"success","details":{"to":"testuser@example.com","subject":"Order Status Update - Order #TEST-001","body_length":7358,"is_html":true,"attachments_count":0},"error":null}
{"timestamp":"2025-09-05 05:46:15","type":"sms","status":"failure","details":{"0":{"number":"+250700000001","status":"InvalidPhoneNumber","statusCode":403,"cost":"0"},"total_recipients":1,"successful":0,"failed":1},"error":"All SMS messages failed"}
{"timestamp":"2025-09-05 05:46:20","type":"email","status":"success","details":{"to":"sincereabayo@gmail.com","subject":"New Order Placed - Order #TEST-001","body_length":8057,"is_html":true,"attachments_count":0},"error":null}
{"timestamp":"2025-09-05 05:46:20","type":"sms","status":"failure","details":{"0":{"number":"+250784424423","status":"InsufficientBalance","statusCode":405,"cost":"0"},"total_recipients":1,"successful":0,"failed":1},"error":"All SMS messages failed"}
{"timestamp":"2025-09-05 05:46:20","type":"email","status":"failure","details":{"to":"invalid-email","subject":"Test Invalid Email","body_length":16,"is_html":true,"attachments_count":0},"error":"Email sending failed: Invalid address:  (to): invalid-email"}
{"timestamp":"2025-09-05 05:46:21","type":"sms","status":"failure","details":{"0":{"number":"+invalid-phone","status":"InvalidPhoneNumber","statusCode":403,"cost":"0"},"total_recipients":1,"successful":0,"failed":1},"error":"All SMS messages failed"}
{"timestamp":"2025-09-05 05:46:21","type":"email","status":"failure","details":{"to":"test@example.com","subject":"","body_length":0,"is_html":true,"attachments_count":0},"error":"Email sending failed: Message body empty"}
{"timestamp":"2025-09-05 05:46:25","type":"email","status":"success","details":{"to":"test1@example.com","subject":"Performance Test Email 1","body_length":59,"is_html":true,"attachments_count":0},"error":null}
{"timestamp":"2025-09-05 05:46:29","type":"email","status":"success","details":{"to":"test2@example.com","subject":"Performance Test Email 2","body_length":59,"is_html":true,"attachments_count":0},"error":null}
{"timestamp":"2025-09-05 05:46:34","type":"email","status":"success","details":{"to":"test3@example.com","subject":"Performance Test Email 3","body_length":59,"is_html":true,"attachments_count":0},"error":null}
{"timestamp":"2025-09-05 05:46:38","type":"email","status":"success","details":{"to":"test4@example.com","subject":"Performance Test Email 4","body_length":59,"is_html":true,"attachments_count":0},"error":null}
{"timestamp":"2025-09-05 05:46:42","type":"email","status":"success","details":{"to":"test5@example.com","subject":"Performance Test Email 5","body_length":59,"is_html":true,"attachments_count":0},"error":null}
{"timestamp":"2025-09-05 05:46:43","type":"sms","status":"failure","details":{"0":{"number":"+250700000001","status":"InvalidPhoneNumber","statusCode":403,"cost":"0"},"1":{"number":"+250700000002","status":"InvalidPhoneNumber","statusCode":403,"cost":"0"},"2":{"number":"+250700000003","status":"InvalidPhoneNumber","statusCode":403,"cost":"0"},"total_recipients":3,"successful":0,"failed":3},"error":"All SMS messages failed"}
{"timestamp":"2025-09-04 23:48:25","type":"email","status":"success","details":{"to":"codefusion24@gmail.com","subject":"Order Status Update - Order #3","body_length":7345,"is_html":true,"attachments_count":0},"error":null}
{"timestamp":"2025-09-04 23:48:26","type":"sms","status":"failure","details":{"0":{"number":"+0784424423","status":"InvalidPhoneNumber","statusCode":403,"cost":"0"},"total_recipients":1,"successful":0,"failed":1},"error":"All SMS messages failed"}
{"timestamp":"2025-09-04 23:49:01","type":"email","status":"success","details":{"to":"codefusion24@gmail.com","subject":"Order Status Update - Order #3","body_length":7347,"is_html":true,"attachments_count":0},"error":null}
{"timestamp":"2025-09-04 23:49:02","type":"sms","status":"failure","details":{"0":{"number":"+0784424423","status":"InvalidPhoneNumber","statusCode":403,"cost":"0"},"total_recipients":1,"successful":0,"failed":1},"error":"All SMS messages failed"}
